239 states 104 scans 23 shifts 133 reductions 0 compares 0 ambiguities
4 productions 3 terminals 8 states 0 declarations
1 scanners 1 transitions
13 states 4 scans 3 shifts 9 reductions 0 compares 0 ambiguities
( a  φ  ω )
